####################################################################################################
#.......WW..WW......WW.......WW.......W.WW...........W.............................................#
#.......W.W.W.......W.W....W..........W.............W..W.............W.............................#
#.................W..W.S.........S.S..W..............W.W......................................W....#
#...................W.............SS.WW...............WWS..GG.................................W....#
#...................WWW.W.....S.....WS...............WW.S...................WW........S....WWW.W...#
#..................W..W.W...........S.S................S...........WW........WWGG.S..S.....WW......#
#.......S..........SSWWSSW..........W...............................W........W.G.SS.SS.W..........G#
#.WWW...S....W..................WW....W...........S......W..S.......S.......W..W..S...W......W.....#
#.....SSS....W............W......W.....W.WWW................SSS....S.W......W........W.W.....WW....#
#............W....W......WW.......W.....WS.................SS.....S.W..................S......W....#
#.................W......WW..........W....S.................S.......W......WW..............W.......#
#..S.S..........WWWW...............WWW..........WW......W..................W.S....SSS.....WW..G....#
#...S.W.........WW.................W........WWW.W.....WW..................W..SS.....S....W...GG....#
#.W..W.W............W...........................W..........................W..W........SS.......W..#
#..WW.SWW.....W.....WW.......S....W.W....SS...................WWW.......WW..W...................W..#
#.SS.WS......W........S.....SS.......W...........W.............W.W.......W.....................W.W.#
#.....S........W..............S......W.....W............................W.....W..WG..........S..W..#
#......S.................................WW......WS...........................WW.W..........S......#
#.....SS........W.............................................S........W.W........W.S.......SS.W.S.#
#....SS.......W.WW........W..................WW.........W..........................SS............S.#
#W...S........WW.W......W....................WW....G...WW...W.......SW.........W..............W..W.#
#W................W................W................G.......W.......SW.......S...............WWWWW.#
#WW......W.........................W..W.........S..........WW......SSWW.....................W.W.GWW#
#.W..S...W.........WW.....WW......WW..WW........W........W...................W.......S.S....W..G.WS#
#W........W.........W....W...........S...WW....W........WW......S.......S.....WW..W..SSSS....W.....#
#................................W....S...W...WW.........W..........W......W...WW...........W......#
#.....................S..........WW....S...W..............WWW..................W..............WW...#
#..W.......WWW..WW....SS.WW................S.W.....W.......W...SS.............................WW.W.#
#...WW......W....W.......WW.............................W........SW.......G............W.W......W..#
#...WW.......W...........................W............WWW.W.....W.........G..S..........W........W.#
#WWSW.W........######...........SSS......................WW......WW......G.SS......................#
#.W......W.....#...S.............S......................W.....................S.W......W...........#
#..W.....WW....#...W.............W..............W........W........SS.....W...S.S........S..........#
#............WS#..W..............W............W.........WW........S.......WWS...........SS.........#
#..G.........S.#.WW...SS........WW.................W.......................WS...G..................#
#...G..........#..WW..S........S..................S.....................W.....GG...................#
#..G........SS....W....S..WW............................W..S.S.........WW..S....S..................#
#.......W.WWS..........W...W..............S.S..............SS...........WW.....................WW..#
#........W..W.......WW.WW...W..............S................SW...........W.....................WW..#
#.......W...W.SS....WW...GSSS......S..WWW.S.SS..........................W...............W.....W....#
#......WW.......S....W.............W...W...SS.............................WWW..........W....WW.W...#
#......W............W.....WW.W...WWW..W............SS.................................W.....W......#
#....W.W.W..W.W....W......WW.....WW..................................W..............W..............#
#..WW...W....WW.WW...WWW..............WWW............................WW..W.........................#
#.W.W.....S....W......W.....S...S.....W................................W..............W.....WW.....#
#.GS......S........W........SS...S..........S...W...............S............S.......WW......W.S...#
#GS.S....S.S......W.W......W.S...S........SS...WW................S..........WW................SSS..#
#........W.......W........WW.............S.S....W...............SS..........WWWW...................#
#..............WWW...........SS..W......................................W.....W.W........SS.W......#
#............SS.W.SS.WWW....SS...W............WW........................W......W.S........SS.......#
#............S.S..SS...W.....W...W.............W.........................W...WWW..............S....#
#............WS..............WW..W.....SS.......W...S....................S...................SSS...#
#........SG.W..S........S...W....WW....S....WW...........................S..W..W........W.W........#
#.......W....S.........WS.......W....W..S......SS.................S..........WWW..W......W......S..#
#........WW...........WW.........WW.WW.S......S.S.....W.......W.....W......WW......WW............SS#
#..............S.....S...............W..S......WW............W.SS..W......SS......WW.W...........S.#
#.............S.S.W.SS...................S........S............GSG..S.........W.....W........S.....#
#W....W..........W.WW................W..S.........SS...W.W......G....S..SS....WW...................#
#.W....SS........WW.W...............W...SS.W..###W.....WW..W...........W.W.W...................W...#
#.WW...W.........WS.................W..S......#.......SS.W..WW...W......WWW.........W.....S...WSS..#
#..........W......S................W....S..WW.#......WS.....W...........W.......SS..W.W....SSW.W...#
#.......W.WW....W................W.W.....SSWWW..........W...................WWW..S...W..S.....WW...#
#..S.....WW........SS..W.W........W.W...S.....W....W..WW...........S.........W...S...S..SS....W....#
#..S...WWWW.........S.WW..W........W...............WW......S...................W.....W...W.........#
#...S...W.W....W.....GW..W........W...........W.....SS.....................S.....................W.#
#......W.WWWW...W............................W......W...W....................................S...WW#
#...........W..W...............W.........W....WS................W.........S.................S...W..#
#...................W...................WW......S..........S..W.W.........S........SS........S.WW..#
#S.............................S.........W.............W..................WS...S..S.........W.S.W..#
#...........S..................WS.....................W...S..........G..G.G....W..........WW.......#
#..........W....................WW.......................................G....WWW........W....G....#
#........WWW..............SS............WW.................WW.SS...W......W......S............GG...#
#......W...................S.......S...W.W..................WWSS..WWWW...W.......SSS.W..........G..#
#W.......W...........WW........S...............W....WW.W.........W..W...W..........SW......S.......#
#.W.......W..........W........S.S..............WW..WWS.W..........WW..........W....W........SS.....#
#..WWW...W..........W......S...SSW.........WWW........W...........SSW.....S...W...W..WW...SS...S...#
#....W......W...............S.....WW........W...................WWS....S.GS.WW.W.WW..W....S.S......#
#...........WW...S.........WW.....W..W........W..................W....SS.G...W....WW...............#
#........W..W.W.SS..........WW.......WWW.S.....................SW.W..S.......................SW....#
#.........WWWW......................S...S..S.......S......W....SS.WW.................W.......S.....#
#..W.....W.....................W...S....SS.........SS.....WWW..S..W.............WW...W.......S.....#
#WW.S.....S..................WW....SS..S...........S............................W...SW..S.....W....#
#.W......S...................W.S......................W................SS...............S...WWW..W.#
#.SS....S.............................................WW.....W.........SS...W..........S.....GG....#
#..S.SS...WW..W..W......S.....WWW.....................W......W.............W........WW.............#
#...........W..........S......W.................W..............WW.........W........W.W..W.....G....#
#......................SS........SS............................W.....W............W..W.......GGW...#
#..W......S....................SSSS..................W.......S.S....WW............WW.............W.#
#..WW......W....................S...................WW...WWSSS......W.........SS...W...........WW..#
#.........S.W....................S.........S.............W..SS......S..WW......S....W............W.#
#..W.....S.S..............................SS................SS.WS..W...WWW..S..S...W.W........WW...#
#..S............................................WWW.......W..WWS.....W..W..S.S.....S.W........W....#
#...SS......W...WW...........W.......W..........W.............W.........W............WWW...........#
#...SSS...........W..........WW.......W..W.....S.......................S............W......S.......#
#S....SW...........................W.W....W....S............................W.............WS..W.W..#
#.S......S...W.............S.W..WW..WW...W.....SS.........................WW......W.......WW.....W.#
#....W..SS................S....W.W...............W........................WW..............W.......W#
#..WW....S...............S........................WW.....SS.W............................W.........#
####################################################################################################