##########################################################################################################################################################################################################################################################
#...........W..W.............WW...S...W.......................S.................WW......W.W.............................W.....................................W.....................................................................W........GGGGG.......#
#............WW.W.............W...............................S..........................W.W....S......................W.SSS.................................W......................................S.......................WW......W........GG..........#
#...........W.W..............................W.......................W..................W.WW.............................S....................................W.................................W....SS.W...................W......W...........SSSS....WW#
#..........................WWW.....W.......S.WS....W..................W...................W.......................................................W....WWW........................................W..S...W.....W..............................SSSS....WWW#
#..........................W..W...W........S..W..........W.........................................................................................W....W.....W..................................WW......WW....................................SSS...WWWW#
#................WW.......W..W..............S..WW.........WW......................W...............................................................W.W........W...................SS...SSS......................................SS...............SS....WWW#
#................WW...........................W............W......................WW...............................................................WW........W...................S.............................................SS....................WWWW#
#................................................................................................................................................WW.......W.................W..........SS.SW.....W..................SS................................WWW#
#.....S..........................W...........S...............................................S......................W...........................W.........W..........S....W..W..........SWW.........................SS.................................WW#
#..............................WW.......W....S..........................................W.W.S.W.W.....W......S.....W.....................................W...............W.............................................................................W.#
#................W.W............W..W.....WW.S.S.............SW...S.......................W....WW.W...WW......SS...W......W.......W......................................W..............................................W.WW..............WW..............#
#.................WW................W.............WW........WS...........................W.....W.....W.W......S................W..S....................................................................................S..W...............W..............#
#....G.............................W...............W.......W.S..........................................W......................WW.SS.......................................................W..........................SSWWW................W.............#
#.......................................................................................W.......................S...................S.........W...........................................................................W..S...........................#
#...................WWW.......S.....................W........WW....W...................W.......................S............................WW...........................................S...............................SWWS...............WW...........#
#....................W......SS...............SS...........W..W....W.....................W.....G................S............................W...............W...................W..W......................................SSS...............WW...........#
#......................SS.....S.............SS...................W.......W................................S.................................................W....................W.WWW.............................W......S..............................#
#.......................SS...#.#.........................................................WW........W.....S....................WS............................W......W.W..........W..............W...................WW....................................#
#..............................#................................W.........................W.............W...W.................WW......S...................SS.......WW...........................W................WW.....................S................#
#................S...........###.....................WWW.............W..W................W.............W...W...................W..........................S.S.....................................................W......................S...............#
#.............W..S..............................W.....W.................W.........WW..................W.....W..................SW..................WW.........................................S.............................S.......S...S.....W..........#
#............WW.SS.........S.S................W..W.....................W.W.......WW..........................S......................................W.........................W..............S....................G........SS......S.....................#
#.............W...........W.S................W.W.W.......W....................S...W......................WW...............................................................................W...S..............WW..G.G..W.............S....................#
#...........W..............................S............W.......W.......S.................................W...................................................................................................W......W.W......................W..........#
#...................................SS.....SS.W.................W..W................................................................................................S................................................W.WW....................SW..........#
#.......W............................S.....S..W................WW.W.W...............................W..............................................................S.S...............................................................S........W..........#
#............................................W.W.................................................W........................WW.......................................S..S.....................WW.........S...........................SS....................#
#....W...........................................WW.....................WW........W...SSS.......WW..............WW........W................W.........................S.S....................WW........S.S...........................S....................#
#....................................WW..........W.................SS....WS..W.....W............W...............W...S......W...............W.........................W..WW.........W.W......................WWW.....W......W.............................#
#......W.W.........S.S...............W.............................S...W...SS.....W.....W...S...................W....SS.....WW.......W.....W............................WW.SS.......WW...............................W......W.......................W....#
#.......W...........S................................................WW......................................................W.............................................SS.......................................WWW.....WW...........................#
#........W...........S................................................W........................................................................................SSS......................W............W...................................................#
#.............................................................................................................................................W...........W....SS...................................WW...................................................#
#...............GG.................S.....................................................................W.W..................................WW........SSS...S......W...................................................................................#
#...........WW..G.................S................................W.........................SS.........W...S.S...........W....................W.........S....S.....W.W..................................................................................#
#...........W..............W...W.W......W..........................W..........................S.......SW.W...S.......S............................SSS.........SS.......................W.W.............W..........................................S......#
#..........W.SS...W........WWW..W....W...W.........................W..................................S..........WWW.SS....................W.W......S................................W..W....................W.....................S..S............S.....#
#S...........S.....W.........WWWW...WWWWW..................W..........................................................S........W...........WW..........G.............WW..............W...............WW.....W.......W..W..........................S......#
#.SS..............W...........WW.......GG.......W...........W.......W..................................W......................WW.......................G.............WW..W...........W.........W.....WW......W........WW...WW...S....................S...#
#..S..................W.......................S............W.W................................................................W.....................................................W.W........WW...W.................W.....W......................SS....#
#.............WWW....WW.............................WW.........................................................................S........................W..................S..............................................W..W..W...................WW...#
#..............W......W...........................................W..............................................SS...........S.................WW.........................................................................WWW..WW...W..............WW...#
#......................######...................W................W..........................W....................S.......SS..S.S................WW.W..................................W..........W...........................W....................SWW....#
#........W...W.........#....#...................WW...............W..........................WW............................S.......................W.....W.WW.........................W...............................................W..............W....#
#......WW...W..........#....#....................W........................W.................W..........SS.........................S..............W.......WG.G.......................W..................S.................................................#
#......W....W..........#....#..W......W.....................................W...........................S.........................S...W....................G..........................................SSS..............WW.W.W............................#
#......................#....#........W.......................W........W..................................................W.....GW.S.WW...........WW.........G........................................WW................W...W.............................#
#......................#....#...S.....W......W.......................W.W.......................W.........................WW....W......W......S...WW....................................................W..................W...................WW.W.......#
#................W.............SSS.............................WW.............W..........................................W...W................................W........S......................................S..............................W...........#
#..................W.....W...........................WWW.......W.............W.........................................W....WW......W.W..W......W.............W.......S..................................S.....S....W.........................W..........#
#..........................W.W............W....S................W...........W..........................................WW.S..........W..W.......W....................S........................................S...WW...........W.........................#
#...........................W..................................WW......................................................W.S.............W.......W.........................W..........SSS.............WW.....S....................W........................#
#......................W....W....S.....WW....S....W.................W.........S.........................................S.............................................................S.............WW..........................WW.......................#
#......................WW.......S......W.......................W..............................................................................................................W.W...........................................WW..................W........#
#....................WWW.......SS.....W...................................................................................W....................................................W.........W........................W......W...WW..........................#
#.....................W..................WW........................W..............W.............................................W.....................................................W..W...........W..........WW......W................................#
#W.......................................W........................W.W........SS..W.SS.........W................................W.S................W...............WW....................WW...........W......W....W......W................................#
#W......................W.............................S......W...W......WW...S..W.W.S.........WW..............................WW..W..............WW........WW....WW........................................WW...........................SS...............#
#.......S...SSS...............W.......W.S............SS.....W...........WW..S...............................................................................WWW.W..........................W................W...........................S................#
#.......SS...................W.......W...............S.......W................................WW...............................................................W.........................WW..................W..W.W.....................S.......W........#
#........S............................W..............................W........................WW.........................................................W.....................W.........W.................S.....................................W.......#
#................................W...................................WW................................WW..................S...WWW........................W....................W.........................................S.......................W.......#
#W..............................WW...................................W.............................W.W.W.............W....SS.....W.S.......................W..................WW.........................................................................#
#................W...........................................W..............W....S..............WW..W................W..............SS..................W......W.....W...................W.W...........W.................................................#
#..................................WW.....S..................W.............WW...SS..............WW.W.............S....W.............................................WW....................W............W.................................................#
#.....W.......SS..W.................W....SS...................WW...........W....................................S.S.............................................W........................W.............W...................................W.............#
#.....W.......SSWW.......................................................................WW..................W...............................................................S..............................................................W............#
#....W.......................................SS......WW..................................W......................WW......................WS........................................W........................S..........................WW....WW...........#
#..............................W..............S......WW........S................WW......W........................W....G.................WWW.......................................W......................W...S.........................WW................#
#..............................WW..............................SS...............W....................G.........WW.....GG.....................................W.......SS.................................S.....S.........WW...............................#
#..............................W...............W........................G.G.....W................................W..................SWW..............................S.......................................S.S.....WWWW.....W.....WWW..................#
#.................WW..S........................W................W........G.........W........................................WW.W....WS................................................................................W...............W..................#
#..................W.SS............W...........W.....W...S................G.........W.............W.........................W..WW...S...........W.......................................................WW.......................WWW..................WW.#
#..............S...W..........................G..S....W..SS............S.........................W.............W.WWW................................................WW.................................WW.........................................W...WW.#
#......W.....SS.............WW................GGSS...W..............WSS...........................W..............WS..W...............................................WW..................................................WW.....W...............W.W..WW..#
#......W.......S.............W.................G.....W........W.......S..................WWW.........................W...................................................................................................W.......................WW...W..#
#.......W........S...................................W.....W.............................W...........................WW...........................................................................................W..W.................WW...............S#
#..................................WS....S....S.............WW.............W.................................W.....W...............S...............................................................................WW.......W.........SW.......WW.....SS.#
#....SS....................W..............S..SS.......W......W...S..........................W....W..................W.............................SS.........................................W.................W...W.................S..........W........#
#...SS............W........W......W......S...S.......WW..WWW....W....W................S.W....W......................W......W..W...................S.......................W.W.........W......WW...............WW......................S........W.........#
#...S.....W...............W.W....WW...................WW..WSS.WW.....W...............SS..W..W................................W......................................................WWW..................................................................#
#....S...........................W.....................W..SW..WWW...WW........S.....S...WW....................................................................W.............WW..GG............................W.............WW............WWW............#
#W..S.................................................W.W...............................................................................W....................................W...G...........................WWW.........W..W...............WW.......S...#
#.W.......W.........W................W..S..............W..................W.......................................W....S.............S.S.......................................WW.................................W.....W.W.........................S.S..#
#W...................W..................SS...WWW......................W...............................................S.S.............S.....W...............W..................W................................WW.................S.....................#
#......................................S....W....................WWW.W..........................W..SS......S.........................................W.SS............W..........W...................................................SS...................#
#...............................W...........W........WW...........W.W.W..........................W.S...............................................WW..SS..............W.....................W................W.WWW..................S....S..............#
#.....................................S..............WW...................SS.W.W..S.............W.WS.................................S...............W..................WW......W.W.............................W...................G....................#
#................................................WW.......................W...W.........................................................................................W.......WW........................W..........................G...WW....W.....W...#
#.................................................W......W..S............WW..W.........................S.................................................S.............................W..........................................S.......WW....WW.......#
#.........W..............................................W.S..........WW.......................................................W........................................................W..........................W.....................W.......W.......#
#........WW...............................................W.S..........WWW...........................................W.W.....SWW......................G................................WW................W........WWW....................................#
#........W...................WW........W.W...............................W...........W.W..............................W.........W.....................G.................................W......WW.........WW.............................................#
#.............................W.........W.................................W...........W...........................S..W...S.S.......WW....WW..........W.G..............S.............S...........WS.........WW..W.......W...............................W.#
#................................................................................WW...W........W.................S........S..........W....W...........W............WW..S.........W.S.S.....W......S............WW.......WW...............SS.............W#
#................WWW.....W.......W.....................W....SS.........W..WW.......W...........W.................SS.......SS..............W..........W..................WWW..W..........WWW....................WW..S.....................SS............W.#
#.................SW.....WW...........................W.....S...WWW....W..WW..................W.WW...........SSS..........................W.W.........WG.................W...............W.W.....................W............S..........................#
#.......................WW...........................WW...........W............................W...........................................W..................W.............................W.S...................W......................................#
#.........................W........................................W...............WW.....................................................W.WW.....W..........WW.............................SSS.............................................SS..........#
#..............G..........WW..............................W.......WWW...............W............S...............W.W.........................W..W...W.........S........................GG........W.................W...................................W.#
#.............G.........S.............................W....WW......WW.............................SS..............W................................W.W.......W.S......................GW.........WW...............S........W.........WW...............WW.#
#..............G........SSSS..............................W......W..............W.....WW.W.W.....S.........W....W............................................W.W......................WW...........W..W..........S.............W......WW.................#
#...............................................................................WW...SWW..W.........W......WW......S..................S.......................W.......................W..............W........WWS........................................#
#......W.......................................W..............................WW...................WW.........................................................W.S.S.........W.................................W...........W..............................#
#......WW.........WW.......................WW...................S......WW.......W...W......W.........W........S.....................W............................SS.......................................................W..............................#
#................WW.W..............SSS..W..W............................W.........................................................W.W......................................................................SS............W...............................#
#.WW................W...............S....WWW.....S........WWWW..W..................................W.............................S.W.......................................................WWW..............S..S.........................................#
#.W........................................................W...W.W.......................WW.........................W............SSS..W..........G.........................................W.W......W......S.............................................#
#..................................................W.....W.W.............W..............W..............W..............................WW..............W...............GGG....W......................W.................W.....................W............#
#......W................................................WW................SS...........................WW............................WWWS............W................W..W...WW....................W...........W...................W.....................#
#.....W.W........S.....W...........................WW...W..................S............................W..........WWW..............................W....................WW.WW...................W............W.W...................W....................#
#.................S....W..................S........W.W.........S.W...................................................................S.............W........................W....................................................S..W.......WW.W.........#
#......................W.................S.........S.......W....S.W................................W................................W.......W...................S...G.......W..............................................W....W.SS........W........W..W#
#.......................................SSS...W..SS...W....WW...S..W..............................WW............................W.W................................SS...........W....S......................................WW.....S...............WW....#
#.....................................WW.......W..S....W...........................................WW.W............................W..............................S.............WW..SS......................................W........W...........S...W...#
#W.......W.W.........................W..WW.....W..........WW.............S............G..............W..........W...................W.....................W........................................W................................W............S..W....#
#..............W......................WW..................W.............WS.................W.W......W..WW......W.W........................................W...................S....................WW................................W.W........SS...WW..#
#...............................................SSS.................W.WW....................WW...G...WWW.................................................W.W.........................................W...............................................W...#
#...........................................................W.........W...................W......G...WW.SS.........W..............WW...........W.....W.S................................................................................................W#
#.W..........................................W...........W...............................WW..............SS.......W..............W.W................WWWS......................W........W................................................................W#
#WW.........................................W.....................................................................W........W.W...........W..................................WW...S......W...............................S...............................W#
#..W.........................................W............W.........................................................S.......W.........................WW...........S...........WW.S....W..............................SS...........................S.....#
#......S................W.................................WW.............................................................WW........................W...W............S.........W.WW.S...................................S..........................S.S....#
#........................W..............................................................................................W.....SSS.......WW........WW...W.............S...........WW........................W............S............................W...#
#...SS..................WW..........W.................................................................................W................WW.........S.....................W.........W.......................W............S..........S...................WW.#
#.....S...................................................S...............................................W..........WW..........................W.S.............WW.S.................................S....W.W.........SW.........SS.......W...........W.#
#.......W.......W.........S..............................SS......W....................................W..W.............W.......................WW...S.............WSS....SS.........WW.......SS.....WSS...W..W.S........W................................#
#........WW.....WW........S......................................W.............S.W..................W..............................W.............W....S..................SS.......S..WW......SS....W......W..W.SS........W..............................S#
#.W.......WS..............S......................................WW....W......S.....................WW.......................W......W............................W...................W.............W............S........................................#
#....................................SSS.............................WW..G...................................................W.....W.W.........................................SSS....W......................S.S....................S....................#
#.........S..........................SS................................W..GW....................G...........................WW....................W..........W................W.S.............................S..........W...........................W...#
#..........SS..........S............W.............................W.......G..W.......W.............................................................W..........W...W......WWW.W......................................W....WW..............................#
#.........S.........................WWW..........................W...................W..................................................S.....................W...........W.W............................................................................#
#..................S.............................................W...................W...............................S.................SS...................S...........................................S................................................#
#..................S.......W..............................G.........WW...............................................S.............................................................WW........................W.....W.....................................#
#.........................WW........................W......G......S.W............................................W.WSS..............................................................................................W....................................#
#............W.W............W........................WS...G......S...............................................WW............................................WW...SS...................S...........S.........W...WW............WW.........W.W..........#
#....................................................S.....S.....S.............................................................................................W....S..............................SS.S.......WW..................W..........W...........#
#.......W..................................................S...............................................................................................................WW.........................SS.........................W..........W............#
#......................................................WW..SS.............................................................S................................S.....WW........WW...............S.......S..S...W.............................................#
#..............W......................................W.W........GG......................................................S.......................................W..........................SS.......SS.....WW...........................................#
#.WW.................GG........................WW..............W.GG....W....................W.....WW..................W....................W................................SSS.....................W........W..................................S...W....#
#W......S............G...........................................................SS........W.....................SS....W..................W.................................SW.................W.....WW.................................................W#
#......SS.......WW................................................................S.......WW....................SS.......................WW...................................................WW..SS.W....GGG..W......................................WW.#
#........S......W..........................................................................W..........................................................W..W...G.G............W.................WW..S.....................W................................#
#..WW...W........W..........................................................................W.................W........W............................WW.WW.....G.............WW.............WWW.............................................W.S..S........#
#..WW..W.W.................W............S...............W..........S........................WW......W.........WW.W.....W............................W..W.......G............W..............WW...............W............................................#
#.........................WWW.................W........WW........SS.................................W........W..SS....WWW........................................W.........................W...WW.............WW..............W..........................#
#........................................WW.......................S................................WW.........WW.......W........................................W.W...........................W....SSWW.......W..........................................#
#........................................W..W................................S..............................WW........W.............................W..............................................SW.W.....................S....W.......................#
#..........................W..............SSWW.............WW..W.W.......................................................W.........................WWW.....................................................................S....WW..............SS.......#
#...................................S......S.............S.WW...W.......................................................WW...........W.................................WW........WW....................S...................SS.....W...........S.S........#
#...........................S......SS.....W....................W..........W........................W.........S.......................WW.................................W........W......................S.....W.............SS...........................#
#..................................S.........................SS...................................WW..........S......W.S.................................................W...............W.............S.S...W..........W....SW.................WS.......#
#...........................W..................................S........................................SS.........S..SS................................................................WW...........SS.....W..........W......W......W.........WWW.......#
#..........W.WW............W................SS..............W.........W........W.....S...................S..............W.......S........................S..................W.......................S............S....WW.....W.W...WW....................#
#........W..WWWW...........WW...............S...WW...........W......W..............SS................................W.W.......SS.........................SWW..............W.W....................W...............S..W..............W....................#
#...W......W..W.............S.........S.......................W......W..............S................W......S.........W.........S........................S.W..............................W......................S.......................................#
#....W.....................S.S.......................................WW.............................WWW..........W.....W..................................W....................................................................................WW........#
#...WW.................................W...............................W...............G........................WW...S.........SS..............................................................................................................W...S.....#
#.G..............................W......................................W...............G....W.................................S....W..........................WW................WW...S.............SS........................W....................SS....#
#GG.............................WW.........................WW...........WW...................WW...........W........W...........S....WW...W......................W....................S..............SS.....W..................WW...................S.....#
#..............................W...........................WW.....................................S...............WW....................W...............W.W...........................S....................SS..........................W.................#
#SS.................................................W....W.........................S...............S...................................W................WW.SS......W...............W.......................SS............................................#
#.SS........................................S......WW....W......................W.S...............S...................S...................S..............W.S..........................W..................................................................#
#................................................SW...................S.........................WW...................W.....................S.........W.............................S..............................S..............W.......................#
#....................................................................SSS..............W.........W.........................................S.........W.W..........................SS............................................WW..SS...........W.W....S.#
#.....................................................................S.........................W..................................................................................SW....W...................SS................W....SS.............W.....#
#...........WW.............................................................................................................................................W....W..................W.....W...................SS...............................S...WW.....#
#...........WW....................................................................................................................W.W......W...................W.................WWW....WW..............WW...........................W.........S.......W.#
#...............................................................SS....................S...........W..............S.......W........WW...................W.W......W.....WW..........W.W...WW..............WW...........................WWWW.....S..........#
#..WW..................G........................................S.................................W......................W.....................W........W.............WW.........................................SS......................................#
#..WWW.................W...........WW........S.................SW......................W..........W......................WW.............WWW.....W........W.......................................................S.......................................#
#..WW.............W.....W...W.......WW.......SS............WW....W...............W.W..........W................................S........WW.......W......W........................................................S......W................................#
#............WS....W...WWW..W.................S........W.WW.....WW.................WW..........W...W............W..........W...WS................WW.....W.........................W.....................................W................................#
#..W........W..........WS...WSS........................WWWW.................................S..WS..W...........W...............WWWW.....................W......................W........................................W........W.......................#
#..WW.......WW......W.W.......SS..............................................................SS....W.....SS......................W....................S.S.......W.....................W..........................................WW.....................#
#...W..............WW..................W........W......................W......................S...........S.WW...................W......................S.......W.....................................................................W..................#
#...........W.......................................W.................W............................W.......W.............................................S.......W.................S......W.W...........W..............................W...........W.....#
#..............WW......W...........................S.WWW.W..................S.......................W....................................................W.................................WW...........W...S.........................WW.................#
#...............W......................WW..........WW..SW.........W.............S....................W................WW................SS....................................WW........................W...S............................................#
#.......................................W..G......S.W.S.S.......W.......W.......S.....................................W...........S.....SS...................................WW...........................................S.......W......................#
#...................................S...W.G.......S.....................W.......S.....W...W..........................W............SS..................S.................................................................WW...............................#
#.........................................GG....W......................W.W.............W..............................................................S.....................................................................S..................S...W.....#
#.........W...................................WW....................W.W...............WWW................W.........................S.................SS....................WW......................................................................W.....#
#...........................................WWW.........SS...........W............S.........................SS.........W.W..........S...S..............................................................................W......WW...................W.....#
#...........................................W.W....W.....SS..........W........................................S.......WWWWS..............S...................................WW......................SSW...............WW.....W..........................#
#..........................................W.WW...W................WW...........................W.......WWW............W.SS..............S..............................W........S...................SS.W..........S..W..................................#
#.................................................WW................W...........................WW.......W...W.............S...........WWW.............S.........................S.......................W.............................................W.#
#......................................................................WW.....................W.W....................................W.............W............S.S....W..........S.......................S.......SS...........W.....................WW..#
#..WW.........................................W........................W....WW....W.................................................W.W.............W............S..WW.WW..........................................S.........WW..........................#
#..WW.............W........................................W...........W.....WWW....................................................................WW............SW...W............................................W........W...........................#
#W.................W....................G................WW......WW.............................................................................................W.....W.............................................WW................W..................#
#...................W..................GG................WWW.....W...S.S.............................SS..........................................................W...W.....................................S.........................W...S.....WW.....W..#
#.....................................G..................W.......W....S...............................S....................S........................W.............W..............................................................SS...W.........W........#
#...........WW......................................................................................................W...........................S..WW...................S.........W.............................................................W.W......#
#............W.................................W....................................................S............S.W...........................SS.................................................................................................W......#
#...........W................W................WW.......................................................S..........SW...........W.W...............................................SS..................SS............................................W.....#
#.......S........WW...........W.............W.W....W..S................................................SS........W.....S........W......W......WW.................................SS..................S.....................................WW...S........#
#..S...S.........W.SS..........W......................SS.....................................................S...WW...W............WWW..W.....W...............................W..S...............W..........................................W..S.........#
#.......S........W.S................SS.........................SS.WW.......................................W......WWW..WW.........WWW................W.W....................SSW..S..............W.............................SS............W............#
#.W.W....W......................W..S...........................S.WW...GGG.....................W...........W.........W.W............W..................W.....................S.W.SS....S..W...........................W.W.....S............W...........WW.#
#.SW...........................W.......................................G......####............WWW........W...........WG......................................................W..S....WS.W........W........................................WW.S.......W...#
#SS.....W......................W..............................................#..#..........W....................W....SG.......................S...........................WW.......W..W.................................................WW.SSS........S.#
#....WW.WW.....................W...............................S.S............#..#...........WW......................S.SW..............................................WS.S..W.......W....W...............S..............................W...............#
#....WW.......................WW................................SS............#..#..........W..........................................................................WWS...............W...............SS.............................W........W.......#
#........................................................................................W..........W....W.............................W............S..SS................S........................................................................WW.....#
#.............S.........................................................................W........W.....WW......WW....W................W.............S..S.......WW......................S............W..........................................W.W..WW...#
#............S.........SW...W......................................................SWW.W.W......WW.....W......W......................W.W........W...SS........W...............................SS...W.................................................W...#
#............S........WWW....W...................................G..................W...............................................................................S.............................SW...........................W.............W...........#
#......................W.....W.............................WW.....G.................................WW.W................................SS............S.............W.....W.WW.............WS...SS....................SS........W................W.......#
#.........WW.......W........................................W.....G...................................W...................SS...S.......S.........W................WWW......WW...W..........SS.....S...................S........W.........................#
#.........W...........................................W..........W......SS.................S..............................S....S.......WW...........................W...........W....WW..............W........S..S.S...............S.....................#
#......................................................W...S....WW.....W.S.......S........SS..........W..................SS.....S.......WW.........S...............WW...........W...WW.................W....SS....S......W...............................#
#.........................................................SS...........W........WS........................................S....SS......W.W........S................W..................W...W...........WWW...S.WWW..S....W................................#
#.....S.....................................................S.........W.W.......WW..................................W.........W.W.......W.......SSS..................................W...W.....................W.......W.................................#
#.........................................WW...................................W...............................................WW......W.......S.S........................W.W............WW.W.....W.............W........................................#
#..........................................WW.............................W................................S...................W.................W......................W..W..........W...................................................W..............#
#.......S..........S......................................WW.WW...........WW................................S.W............................................................W..........WW............G..............WW........W....S......................#
#.......S....W.W...S......................................W.........W..............WW.......................SW......................S...................................S.............W............G...............W..........WW.......................W.#
#.......S.....W.........W................................W..........W..............W...............................................SS.........SS......................SS........WW.................GG..............W.....................................#
#.....SS................W.................W........................WWW...SS.........W..............................................S.................WW................S.....................W.W..................W......................................#
#......S...............W.........S......................S.S.........W......S.......S..................................................SW.....W.........W......................................W...............W.WW.W.....................................#
#..........................W............................SS.........W..................................................................W.W...............................................W.W..W...W..........WW..W........................................#
#..........................W...........................................S..................W....................................................W......SS.................................WW.......W.............W........................................#
#....S......................W.............................................................WW.......W.W.W.............................................SS..........................................WW......................................................#
#....SS......W........................................WW.......WW.................................WWW.WW...S.......................W.....................................................................................................................#
#......S................................................W......WW...W....................S.........W..W............................WW.......W....WW.......SS.........................................................W...................................#
#.......................W.W......W.W...................W...........W....................S.........................................................W..............W.W...................W.........W.........................W.............S...............#
#........................W....S.S.W.W...................WSS.........W...................SS...............W........................................................WW...............W...WW........W........................WW.............S........SS.....#
#...........WWWW..............SS....W......................S.............................................WWW..................W.......................SS..........................WW......SS....W.W.........................W......W....S.S.W......S.....#
#.............W.......................W....W.....................S.......................W................W...................WW.WW..................S.S.................W......SW.........S..........................WW.W.........W.......W.W....S......#
#...................................WW....W.....................SS................W.....WW.................W..................S.W..W.............................................S.........S...........W...............WWWW...S.W...W....................#
#.....................................W..W.W.WWW..................S......................W..................W.....................WW....................................................................W..............S.WW....WW........................#
#........................................W....W.........W.W.......................................................................W..................................................S.........WW......WW.................S....W.........................#
#..........WW...WW........GG............................WW............................................................................W...............................................S..........W......W...............W.SS.............................#
#...........W....W........G.................S.....................W....WW.........W.....................................................WW...........................................S.S...............WW.W.W...........WW...........W...................#
#..........S.....W..........................S....######................W.........W...WW..........................WW.....................W.......................W.........................................WWW............................................#
#.......W.SS.................................S.S.#....#..........................WW..WW..........................W.W..........W..................................WW....................W......S...WW.....W............................................W..#
#.......WS......W....S..........................S#WW..#...........W.............W.W...............WWW.....W.......WW........................WW............................W.......................W.W............................W.W...................W.#
#........WS....W....SS...........................#.W..#............W................................W.....G........................WW......W.W........W..............W...WW................................SSS...................WW...................W..#
#.........SS....W.......................W........#....#......W.....W.W.......................................................GGG..WW.W...WWW.........W...................W..................................S.............S.............S................#
#.S.........S...........S........W......WW.......#W...#................W......................................................G....WW....W...........W.................WW.........................................................S....S.................#
#............S...................................WWWW......WWW...............W...........................................S.W..W.......................S..............W..W..............G...........W.....................W......SS....SS................W#
#..................................................W.........W.........................................................SSS...WW............W...........................W........W.....G........................GG..............SSS......................W#
#...........G......................................W.............................W.W.....W......................W...................................................................S..G.......W...............G................S...W...........W......W.#
#....S.....G.....................................S................................WW..........................WW.................S...................................................S........WWS.....W........G..............WS.................W....G..#
#....S......G....................................SS..........................S.....W..............W...........W.....W..........SS..............WW..........WWW....................WW..S........S...............................................W.W.......#
##########################################################################################################################################################################################################################################################